▲ Next.js 16.1.0 (webpack)
- Experiments (use with caution):
  · optimizePackageImports

  Creating an optimized production build ...
✓ Compiled successfully in 12.2s
  Running TypeScript ...
  Collecting page data using 31 workers ...
  Generating static pages using 31 workers (0/9) ...
  Generating static pages using 31 workers (2/9)
  Generating static pages using 31 workers (4/9)
  Generating static pages using 31 workers (6/9)
✓ Generating static pages using 31 workers (9/9) in 426.9ms
  Finalizing page optimization ...
  Collecting build traces ...

Route (app)
┌ ○ /
├ ○ /_not-found
├ ƒ /api/aircraft
├ ƒ /api/aircraft/[hex]
├ ƒ /api/aircraft/[hex]/info
├ ƒ /api/aircraft/[hex]/photo
├ ƒ /api/aircraft/[hex]/route
├ ƒ /api/aircraft/military
├ ƒ /api/aircraft/search
├ ƒ /api/weather
└ ○ /dev/landmarks


○  (Static)   prerendered as static content
ƒ  (Dynamic)  server-rendered on demand
